// Jest Snapshot v1, https://goo.gl/fbAQLP

exports[`Measurements resource makes create requests with either dates or ISO strings 1`] = `
[
  [
    "https://api.made.up.host:1337/measurements/",
    {
      "body": "{"time":"2021-09-10T12:36:59.663Z","value":9001,"meter_name":"someMeter"}",
      "credentials": undefined,
      "headers": {
        "Authorization": "Bearer 867-5309",
        "Content-Type": "application/json",
      },
      "method": "POST",
    },
  ],
  [
    "https://api.made.up.host:1337/measurements/",
    {
      "body": "{"time":"2021-09-10T12:36:59.663Z","value":9001,"meter_name":"someMeter"}",
      "credentials": undefined,
      "headers": {
        "Authorization": "Bearer 867-5309",
        "Content-Type": "application/json",
      },
      "method": "POST",
    },
  ],
]
`;
