// Jest Snapshot v1, https://goo.gl/fbAQLP

exports[`Measurements resource makes create requests with either dates or ISO strings 1`] = `
Array [
  Array [
    "https://api.made.up.host:1337/measurements/",
    Object {
      "body": "{\\"meter_name\\":\\"someMeter\\",\\"time\\":\\"2021-09-10T12:36:59.663Z\\",\\"value\\":9001}",
      "headers": Object {
        "Authorization": "Bearer 867-5309",
        "Content-Type": "application/json",
      },
      "method": "POST",
    },
  ],
  Array [
    "https://api.made.up.host:1337/measurements/",
    Object {
      "body": "{\\"meter_name\\":\\"someMeter\\",\\"time\\":\\"2021-09-10T12:36:59.663Z\\",\\"value\\":9001}",
      "headers": Object {
        "Authorization": "Bearer 867-5309",
        "Content-Type": "application/json",
      },
      "method": "POST",
    },
  ],
]
`;
